ITEM: TIMESTEP
0
ITEM: NUMBER OF ATOMS
2
ITEM: BOX BOUNDS pp pp pp
0.0000000000000000e+00 2.8553125310000000e+00
0.0000000000000000e+00 2.8553125310000000e+00
0.0000000000000000e+00 2.8553125310000000e+00
ITEM: ATOMS id type xsu ysu zsu fx fy fz vx vy vz f_mean_positions[1] f_mean_positions[2] f_mean_positions[3] f_mean_forces[1] f_mean_forces[2] f_mean_forces[3] f_mean_velocities[1] f_mean_velocities[2] f_mean_velocities[3] 
1 1                    0                    0                    0                    0 -1.38777878078145e-17 4.16333634234434e-17      2.8809266037392     1.50271503748093    -1.68574696945174                    0                    0                    0                    0 -1.38777878078145e-17 4.16333634234434e-17      2.8809266037392     1.50271503748093    -1.68574696945174 
2 1                  0.5                  0.5                  0.5 -1.11022302462516e-16 -4.85722573273506e-17 4.16333634234434e-17     -2.8809266037392    -1.50271503748093     1.68574696945174         1.4276562655         1.4276562655         1.4276562655 -1.11022302462516e-16 -4.85722573273506e-17 4.16333634234434e-17     -2.8809266037392    -1.50271503748093     1.68574696945174 
ITEM: TIMESTEP
100
ITEM: NUMBER OF ATOMS
2
ITEM: BOX BOUNDS pp pp pp
0.0000000000000000e+00 2.8553125310000000e+00
0.0000000000000000e+00 2.8553125310000000e+00
0.0000000000000000e+00 2.8553125310000000e+00
ITEM: ATOMS id type xsu ysu zsu fx fy fz vx vy vz f_mean_positions[1] f_mean_positions[2] f_mean_positions[3] f_mean_forces[1] f_mean_forces[2] f_mean_forces[3] f_mean_velocities[1] f_mean_velocities[2] f_mean_velocities[3] 
1 1   -0.019249984002613  -0.0103136436787281   0.0115587596989144     0.76667249256032    0.399963549070055    -0.44859387621319    0.751201585814523    0.307355898108777   -0.347976700867164  -0.0549647205442031   -0.029448676036219   0.0330038714111658     0.76667249256032    0.399963549070055    -0.44859387621319    0.751201585814523    0.307355898108777   -0.347976700867164 
2 1    0.519249984002613    0.510313643678728    0.488441240301086    -0.76667249256032   -0.399963549070055     0.44859387621319   -0.751201585814522   -0.307355898108777    0.347976700867165      1.4826209860442     1.45710494153622     1.39465239408883    -0.76667249256032   -0.399963549070055     0.44859387621319   -0.751201585814522   -0.307355898108777    0.347976700867165 
